Archive member included to satisfy reference by file (symbol)

c:/program files (x86)/atmel/studio/7.0/toolchain/avr8/avr8-gnu-toolchain/bin/../lib/gcc/avr/5.4.0/../../../../avr/lib/avr6\libm.a(fixunssfsi.o)
                              light.o (__fixunssfsi)
c:/program files (x86)/atmel/studio/7.0/toolchain/avr8/avr8-gnu-toolchain/bin/../lib/gcc/avr/5.4.0/../../../../avr/lib/avr6\libm.a(fp_split3.o)
                              c:/program files (x86)/atmel/studio/7.0/toolchain/avr8/avr8-gnu-toolchain/bin/../lib/gcc/avr/5.4.0/../../../../avr/lib/avr6\libm.a(fixunssfsi.o) (__fp_splitA)
c:/program files (x86)/atmel/studio/7.0/toolchain/avr8/avr8-gnu-toolchain/bin/../lib/gcc/avr/5.4.0/../../../../avr/lib/avr6\libm.a(fp_zero.o)
                              c:/program files (x86)/atmel/studio/7.0/toolchain/avr8/avr8-gnu-toolchain/bin/../lib/gcc/avr/5.4.0/../../../../avr/lib/avr6\libm.a(fixunssfsi.o) (__fp_zero)
../drivers\libIotLibrary.a(hih8120.o)
                              main.o (hih8120_initialise)
../drivers\libIotLibrary.a(lora_driver.o)
                              LoRaWANHandler.o (lora_driver_flushBuffers)
../drivers\libIotLibrary.a(lora_driver_utils.o)
                              ../drivers\libIotLibrary.a(lora_driver.o) (decode_port_no)
../drivers\libIotLibrary.a(mh_z19.o)
                              main.o (mh_z19_initialise)
../drivers\libIotLibrary.a(rc_servo.o)
                              motor.o (rc_servo_setPosition)
../drivers\libIotLibrary.a(serial.o)
                              ../drivers\libIotLibrary.a(lora_driver.o) (serial_create)
../drivers\libIotLibrary.a(stdio_driver.o)
                              main.o (stdio_initialise)
../drivers\libIotLibrary.a(status_leds.o)
                              main.o (status_leds_initialise)
../drivers\libIotLibrary.a(tsl2591.o)
                              main.o (tsl2591_initialise)
../drivers\libIotLibrary.a(twi.o)
                              ../drivers\libIotLibrary.a(hih8120.o) (twiCreate)
../drivers\libIotLibrary.a(fifo.o)
                              ../drivers\libIotLibrary.a(serial.o) (fifo_init)
c:/program files (x86)/atmel/studio/7.0/toolchain/avr8/avr8-gnu-toolchain/bin/../lib/gcc/avr/5.4.0/../../../../avr/lib/avr6\libm.a(addsf3.o)
                              ../drivers\libIotLibrary.a(hih8120.o) (__subsf3)
c:/program files (x86)/atmel/studio/7.0/toolchain/avr8/avr8-gnu-toolchain/bin/../lib/gcc/avr/5.4.0/../../../../avr/lib/avr6\libm.a(addsf3x.o)
                              c:/program files (x86)/atmel/studio/7.0/toolchain/avr8/avr8-gnu-toolchain/bin/../lib/gcc/avr/5.4.0/../../../../avr/lib/avr6\libm.a(addsf3.o) (__addsf3x)
c:/program files (x86)/atmel/studio/7.0/toolchain/avr8/avr8-gnu-toolchain/bin/../lib/gcc/avr/5.4.0/../../../../avr/lib/avr6\libm.a(divsf3.o)
                              ../drivers\libIotLibrary.a(hih8120.o) (__divsf3)
c:/program files (x86)/atmel/studio/7.0/toolchain/avr8/avr8-gnu-toolchain/bin/../lib/gcc/avr/5.4.0/../../../../avr/lib/avr6\libm.a(divsf3x.o)
                              c:/program files (x86)/atmel/studio/7.0/toolchain/avr8/avr8-gnu-toolchain/bin/../lib/gcc/avr/5.4.0/../../../../avr/lib/avr6\libm.a(divsf3.o) (__divsf3x)
c:/program files (x86)/atmel/studio/7.0/toolchain/avr8/avr8-gnu-toolchain/bin/../lib/gcc/avr/5.4.0/../../../../avr/lib/avr6\libm.a(fixsfsi.o)
                              ../drivers\libIotLibrary.a(hih8120.o) (__fixsfsi)
c:/program files (x86)/atmel/studio/7.0/toolchain/avr8/avr8-gnu-toolchain/bin/../lib/gcc/avr/5.4.0/../../../../avr/lib/avr6\libm.a(floatsisf.o)
                              ../drivers\libIotLibrary.a(hih8120.o) (__floatunsisf)
c:/program files (x86)/atmel/studio/7.0/toolchain/avr8/avr8-gnu-toolchain/bin/../lib/gcc/avr/5.4.0/../../../../avr/lib/avr6\libm.a(fp_inf.o)
                              c:/program files (x86)/atmel/studio/7.0/toolchain/avr8/avr8-gnu-toolchain/bin/../lib/gcc/avr/5.4.0/../../../../avr/lib/avr6\libm.a(addsf3x.o) (__fp_inf)
c:/program files (x86)/atmel/studio/7.0/toolchain/avr8/avr8-gnu-toolchain/bin/../lib/gcc/avr/5.4.0/../../../../avr/lib/avr6\libm.a(fp_nan.o)
                              c:/program files (x86)/atmel/studio/7.0/toolchain/avr8/avr8-gnu-toolchain/bin/../lib/gcc/avr/5.4.0/../../../../avr/lib/avr6\libm.a(addsf3x.o) (__fp_nan)
c:/program files (x86)/atmel/studio/7.0/toolchain/avr8/avr8-gnu-toolchain/bin/../lib/gcc/avr/5.4.0/../../../../avr/lib/avr6\libm.a(fp_pscA.o)
                              c:/program files (x86)/atmel/studio/7.0/toolchain/avr8/avr8-gnu-toolchain/bin/../lib/gcc/avr/5.4.0/../../../../avr/lib/avr6\libm.a(addsf3x.o) (__fp_pscA)
c:/program files (x86)/atmel/studio/7.0/toolchain/avr8/avr8-gnu-toolchain/bin/../lib/gcc/avr/5.4.0/../../../../avr/lib/avr6\libm.a(fp_pscB.o)
                              c:/program files (x86)/atmel/studio/7.0/toolchain/avr8/avr8-gnu-toolchain/bin/../lib/gcc/avr/5.4.0/../../../../avr/lib/avr6\libm.a(addsf3x.o) (__fp_pscB)
[...]
Memory Configuration

Name             Origin             Length             Attributes
text             0x00000000         0x00040000         xr
data             0x00800200         0x00002000         rw !x
eeprom           0x00810000         0x00001000         rw !x
fuse             0x00820000         0x00000003         rw !x
lock             0x00830000         0x00000400         rw !x
signature        0x00840000         0x00000400         rw !x
user_signatures  0x00850000         0x00000400         rw !x
*default*        0x00000000         0xffffffff

Linker script and memory map

Address of section .data set to 0x800200
LOAD C:/Program Files (x86)/Atmel/Studio/7.0/Packs/atmel/ATmega_DFP/1.6.364/gcc/dev/atmega2560/avr6/crtatmega2560.o
LOAD co2.o
LOAD FreeRTOS/FreeRTOSTraceDriver/FreeRTOSTraceDriver.o
LOAD FreeRTOS/src/croutine.o
LOAD FreeRTOS/src/event_groups.o
LOAD FreeRTOS/src/heap_4.o
LOAD FreeRTOS/src/list.o
LOAD FreeRTOS/src/port.o
LOAD FreeRTOS/src/queue.o
LOAD FreeRTOS/src/stream_buffer.o
LOAD FreeRTOS/src/tasks.o
LOAD FreeRTOS/src/timers.o
LOAD FreeRTOS/src/variantHooks.o
LOAD motor.o
LOAD tempAndHum.o
LOAD light.o
LOAD LoRaWANHandler.o
LOAD main.o
START GROUP
LOAD c:/program files (x86)/atmel/studio/7.0/toolchain/avr8/avr8-gnu-toolchain/bin/../lib/gcc/avr/5.4.0/../../../../avr/lib/avr6\libm.a
LOAD ../drivers\libIotLibrary.a
END GROUP
START GROUP
LOAD c:/program files (x86)/atmel/studio/7.0/toolchain/avr8/avr8-gnu-toolchain/bin/../lib/gcc/avr/5.4.0/avr6\libgcc.a
LOAD c:/program files (x86)/atmel/studio/7.0/toolchain/avr8/avr8-gnu-toolchain/bin/../lib/gcc/avr/5.4.0/../../../../avr/lib/avr6\libm.a
LOAD c:/program files (x86)/atmel/studio/7.0/toolchain/avr8/avr8-gnu-toolchain/bin/../lib/gcc/avr/5.4.0/../../../../avr/lib/avr6\libc.a
LOAD C:/Program Files (x86)/Atmel/Studio/7.0/Packs/atmel/ATmega_DFP/1.6.364/gcc/dev/atmega2560/avr6\libatmega2560.a
END GROUP
                0x00000000                __TEXT_REGION_ORIGIN__ = DEFINED (__TEXT_REGION_ORIGIN__)?__TEXT_REGION_ORIGIN__:0x0
                [0x00800200]                __DATA_REGION_ORIGIN__ = DEFINED (__DATA_REGION_ORIGIN__)?__DATA_REGION_ORIGIN__:0x800200
                [0x00040000]                __TEXT_REGION_LENGTH__ = DEFINED (__TEXT_REGION_LENGTH__)?__TEXT_REGION_LENGTH__:0x100000
                [0x00002000]                __DATA_REGION_LENGTH__ = DEFINED (__DATA_REGION_LENGTH__)?__DATA_REGION_LENGTH__:0xfe00
                [0x00001000]                __EEPROM_REGION_LENGTH__ = DEFINED (__EEPROM_REGION_LENGTH__)?__EEPROM_REGION_LENGTH__:0x10000
                [0x00000003]                __FUSE_REGION_LENGTH__ = DEFINED (__FUSE_REGION_LENGTH__)?__FUSE_REGION_LENGTH__:0x400
                0x00000400                __LOCK_REGION_LENGTH__ = DEFINED (__LOCK_REGION_LENGTH__)?__LOCK_REGION_LENGTH__:0x400
                0x00000400                __SIGNATURE_REGION_LENGTH__ = DEFINED (__SIGNATURE_REGION_LENGTH__)?__SIGNATURE_REGION_LENGTH__:0x400
                0x00000400                __USER_SIGNATURE_REGION_LENGTH__ = DEFINED (__USER_SIGNATURE_REGION_LENGTH__)?__USER_SIGNATURE_REGION_LENGTH__:0x400

.hash
 *(.hash)

.dynsym
 *(.dynsym)

.dynstr
 *(.dynstr)

.gnu.version
 *(.gnu.version)

.gnu.version_d
 *(.gnu.version_d)

.gnu.version_r
 *(.gnu.version_r)

.rel.init
 *(.rel.init)

.rela.init
 *(.rela.init)

.rel.text
 *(.rel.text)
 *(.rel.text.*)
 *(.rel.gnu.linkonce.t*)

.rela.text
 *(.rela.text)
 *(.rela.text.*)
 *(.rela.gnu.linkonce.t*)

.rel.fini
 *(.rel.fini)

.rela.fini
 *(.rela.fini)

.rel.rodata
 *(.rel.rodata)
 *(.rel.rodata.*)
 *(.rel.gnu.linkonce.r*)

.rela.rodata
 *(.rela.rodata)
 *(.rela.rodata.*)
 *(.rela.gnu.linkonce.r*)

.rel.data
 *(.rel.data)
 *(.rel.data.*)
 *(.rel.gnu.linkonce.d*)

.rela.data
 *(.rela.data)
 *(.rela.data.*)
 *(.rela.gnu.linkonce.d*)

.rel.ctors
 *(.rel.ctors)

.rela.ctors
 *(.rela.ctors)

.rel.dtors
 *(.rel.dtors)

.rela.dtors
 *(.rela.dtors)

.rel.got
 *(.rel.got)

.rela.got
 *(.rela.got)

.rel.bss
 *(.rel.bss)

.rela.bss
 *(.rela.bss)

.rel.plt
 *(.rel.plt)

.rela.plt
 *(.rela.plt)

.text           0x00000000     0x632e
 *(.vectors)
 .vectors       0x00000000       0xe4 C:/Program Files (x86)/Atmel/Studio/7.0/Packs/atmel/ATmega_DFP/1.6.364/gcc/dev/atmega2560/avr6/crtatmega2560.o
                0x00000000                __vector_default
                0x00000000                __vectors
 *(.vectors)
 *(.progmem.gcc*)
 .progmem.gcc_sw_table.prvProcessReceivedCommands
                0x000000e4       0x14 FreeRTOS/src/timers.o
 .progmem.gcc_sw_table.__vector_39
                0x000000f8       0xa2 ../drivers\libIotLibrary.a(twi.o)
                0x0000019a                . = ALIGN (0x2)
                0x0000019a                __trampolines_start = .
 *(.trampolines)
 .trampolines   0x0000019a        0x0 linker stubs
 *(.trampolines*)
                0x0000019a                __trampolines_end = .
 *libprintf_flt.a:*(.progmem.data)
 *libc.a:*(.progmem.data)
 *(.progmem*)
                0x0000019a                . = ALIGN (0x2)
 *(.jumptables)
 *(.jumptables*)
 *(.lowtext)
 .lowtext       0x0000019a       0x14 FreeRTOS/src/tasks.o
 .lowtext       0x000001ae       0x1e FreeRTOS/src/timers.o
 *(.lowtext*)
                0x000001cc                __ctors_start = .
 *(.ctors)
                0x000001cc                __ctors_end = .
                0x000001cc                __dtors_start = .
 *(.dtors)
                0x000001cc                __dtors_end = .
 SORT(*)(.ctors)
 SORT(*)(.dtors)
 *(.init0)
 .init0         0x000001cc        0x0 C:/Program Files (x86)/Atmel/Studio/7.0/Packs/atmel/ATmega_DFP/1.6.364/gcc/dev/atmega2560/avr6/crtatmega2560.o
                0x000001cc                __init
 *(.init0)
 *(.init1)
 *(.init1)
 *(.init2)
 .init2         0x000001cc       0x10 C:/Program Files (x86)/Atmel/Studio/7.0/Packs/atmel/ATmega_DFP/1.6.364/gcc/dev/atmega2560/avr6/crtatmega2560.o
 *(.init2)
 *(.init3)
 *(.init3)
 *(.init4)
 .init4         0x000001dc       0x1a c:/program files (x86)/atmel/studio/7.0/toolchain/avr8/avr8-gnu-toolchain/bin/../lib/gcc/avr/5.4.0/avr6\libgcc.a(_copy_data.o)
                0x000001dc                __do_copy_data
 .init4         0x000001f6       0x10 c:/program files (x86)/atmel/studio/7.0/toolchain/avr8/avr8-gnu-toolchain/bin/../lib/gcc/avr/5.4.0/avr6\libgcc.a(_clear_bss.o)
                0x000001f6                __do_clear_bss
 *(.init4)
 *(.init5)
 *(.init5)
 *(.init6)
 *(.init6)
 *(.init7)
 *(.init7)
 *(.init8)
 *(.init8)
 *(.init9)
 .init9         0x00000206        0x8 C:/Program Files (x86)/Atmel/Studio/7.0/Packs/atmel/ATmega_DFP/1.6.364/gcc/dev/atmega2560/avr6/crtatmega2560.o
 *(.init9)
 *(.text)
 .text          0x0000020e        0x2 C:/Program Files (x86)/Atmel/Studio/7.0/Packs/atmel/ATmega_DFP/1.6.364/gcc/dev/atmega2560/avr6/crtatmega2560.o
                0x0000020e                __vector_38
                0x0000020e                __vector_22
                0x0000020e                __vector_28
                0x0000020e                __vector_1
                0x0000020e                __vector_32
                0x0000020e                __vector_34
                0x0000020e                __vector_24
                0x0000020e                __vector_46
                0x0000020e                __bad_interrupt
                0x0000020e                __vector_6
                0x0000020e                __vector_31
                0x0000020e                __vector_35
                0x0000020e                __vector_3
                0x0000020e                __vector_23
                0x0000020e                __vector_30
                0x0000020e                __vector_45
                0x0000020e                __vector_11
                0x0000020e                __vector_13
                0x0000020e                __vector_17
                0x0000020e                __vector_19
                0x0000020e                __vector_56
                0x0000020e                __vector_7
                0x0000020e                __vector_49
                0x0000020e                __vector_41
                0x0000020e                __vector_43
                0x0000020e                __vector_27
                0x0000020e                __vector_5
                0x0000020e                __vector_33
                0x0000020e                __vector_47
                0x0000020e                __vector_4
                0x0000020e                __vector_44
                0x0000020e                __vector_9
                0x0000020e                __vector_2
                0x0000020e                __vector_21
                0x0000020e                __vector_15
                0x0000020e                __vector_29
                0x0000020e                __vector_40
                0x0000020e                __vector_8
                0x0000020e                __vector_48
                0x0000020e                __vector_14
                0x0000020e                __vector_53
                0x0000020e                __vector_10
                0x0000020e                __vector_50
                0x0000020e                __vector_16
                0x0000020e                __vector_18
                0x0000020e                __vector_20
                0x0000020e                __vector_42
                0x00000210                . = ALIGN (0x2)
 *(.text.*)
 .text.co2Task  0x00000210       0x3a co2.o
                0x00000210                co2Task
 .text.co2Callback
                0x0000024a       0x3e co2.o
                0x0000024a                co2Callback
 .text.prvHeapInit
                0x00000288       0x52 FreeRTOS/src/heap_4.o
 .text.prvInsertBlockIntoFreeList
                0x000002da       0x94 FreeRTOS/src/heap_4.o
 .text.pvPortMalloc
                0x0000036e      0x152 FreeRTOS/src/heap_4.o
                0x0000036e                pvPortMalloc
 .text.vPortFree
                0x000004c0       0x7a FreeRTOS/src/heap_4.o
                0x000004c0                vPortFree
 .text.vListInitialise
                0x0000053a       0x22 FreeRTOS/src/list.o
                0x0000053a                vListInitialise
 .text.vListInitialiseItem
                0x0000055c        0x8 FreeRTOS/src/list.o
                0x0000055c                vListInitialiseItem
 .text.vListInsert
                0x00000564       0x7a FreeRTOS/src/list.o
                0x00000564                vListInsert
 .text.uxListRemove
                0x000005de       0x4e FreeRTOS/src/list.o
                0x000005de                uxListRemove
 .text.prvSetupTimerInterrupt
                0x0000062c       0x18 FreeRTOS/src/port.o
 .text.pxPortInitialiseStack
                0x00000644       0x2e FreeRTOS/src/port.o
                0x00000644                pxPortInitialiseStack
 .text.xPortStartScheduler
                0x00000672       0x64 FreeRTOS/src/port.o
                0x00000672                xPortStartScheduler
 .text.vPortYield
                0x000006d6       0xc2 FreeRTOS/src/port.o
                0x000006d6                vPortYield
 .text.vPortYieldFromTick
                0x00000798       0xca FreeRTOS/src/port.o
                0x00000798                vPortYieldFromTick
 .text.__vector_12
                0x00000862        0x4 FreeRTOS/src/port.o
                0x00000862                __vector_12
 .text.prvGetDisinheritPriorityAfterTimeout
                0x00000866       0x20 FreeRTOS/src/queue.o
 .text.prvIsQueueEmpty
                0x00000886       0x1a FreeRTOS/src/queue.o
 .text.prvIsQueueFull
                0x000008a0       0x1c FreeRTOS/src/queue.o
 .text.prvCopyDataToQueue
                0x000008bc       0xbe FreeRTOS/src/queue.o
 .text.prvCopyDataFromQueue
                0x0000097a       0x34 FreeRTOS/src/queue.o
 .text.prvUnlockQueue
                0x000009ae       0x68 FreeRTOS/src/queue.o
 .text.xQueueGenericReset
                0x00000a16       0x86 FreeRTOS/src/queue.o
                0x00000a16                xQueueGenericReset
 .text.prvInitialiseNewQueue
                0x00000a9c       0x24 FreeRTOS/src/queue.o
 .text.xQueueGenericCreate
                0x00000ac0       0x46 FreeRTOS/src/queue.o
                0x00000ac0                xQueueGenericCreate
 .text.xQueueGenericSend
                0x00000b06      0x124 FreeRTOS/src/queue.o
                0x00000b06                xQueueGenericSend
 .text.prvInitialiseMutex
                0x00000c2a       0x24 FreeRTOS/src/queue.o
 .text.xQueueCreateMutex
                0x00000c4e       0x18 FreeRTOS/src/queue.o
                0x00000c4e                xQueueCreateMutex
 .text.xQueueGenericSendFromISR
                0x00000c66       0x76 FreeRTOS/src/queue.o
                0x00000c66                xQueueGenericSendFromISR
 .text.xQueueReceive
                0x00000cdc      0x11e FreeRTOS/src/queue.o
                0x00000cdc                xQueueReceive
 .text.xQueueSemaphoreTake
                0x00000dfa      0x162 FreeRTOS/src/queue.o
                0x00000dfa                xQueueSemaphoreTake
 .text.vQueueWaitForMessageRestricted
                0x00000f5c       0x38 FreeRTOS/src/queue.o
                0x00000f5c                vQueueWaitForMessageRestricted
 .text.prvBytesInBuffer
                0x00000f94       0x26 FreeRTOS/src/stream_buffer.o
 .text.prvInitialiseNewStreamBuffer
                0x00000fba       0x20 FreeRTOS/src/stream_buffer.o
 .text.prvWriteBytesToBuffer
                0x00000fda       0x92 FreeRTOS/src/stream_buffer.o
 .text.prvWriteMessageToBuffer
                0x0000106c       0x86 FreeRTOS/src/stream_buffer.o
 .text.prvReadBytesFromBuffer
                0x000010f2       0x9e FreeRTOS/src/stream_buffer.o
 .text.prvReadMessageFromBuffer
                0x00001190       0x8a FreeRTOS/src/stream_buffer.o
 .text.xStreamBufferGenericCreate
                0x0000121a       0x64 FreeRTOS/src/stream_buffer.o
                0x0000121a                xStreamBufferGenericCreate
 .text.xStreamBufferReset
                0x0000127e       0x3c FreeRTOS/src/stream_buffer.o
                0x0000127e                xStreamBufferReset
 .text.xStreamBufferSpacesAvailable
                0x000012ba       0x24 FreeRTOS/src/stream_buffer.o
                0x000012ba                xStreamBufferSpacesAvailable
 .text.xStreamBufferSend
                0x000012de      0x186 FreeRTOS/src/stream_buffer.o
                0x000012de                xStreamBufferSend
 .text.xStreamBufferSendFromISR
                0x00001464       0x88 FreeRTOS/src/stream_buffer.o
                0x00001464                xStreamBufferSendFromISR
 .text.xStreamBufferReceive
                0x000014ec      0x104 FreeRTOS/src/stream_buffer.o
                0x000014ec                xStreamBufferReceive
 .text.prvResetNextTaskUnblockTime
                0x000015f0       0x4e FreeRTOS/src/tasks.o
 .text.prvDeleteTCB
                0x0000163e       0x1a FreeRTOS/src/tasks.o
 .text.prvInitialiseNewTask
                0x00001658       0xfc FreeRTOS/src/tasks.o
 .text.prvInitialiseTaskLists
                0x00001754       0x60 FreeRTOS/src/tasks.o
 .text.prvAddNewTaskToReadyList
                0x000017b4       0xde FreeRTOS/src/tasks.o
 .text.prvCheckTasksWaitingTermination
                0x00001892       0x4a FreeRTOS/src/tasks.o
 .text.prvAddCurrentTaskToDelayedList
                0x000018dc      0x144 FreeRTOS/src/tasks.o
 .text.xTaskCreate
                0x00001a20       0x98 FreeRTOS/src/tasks.o
                0x00001a20                xTaskCreate
 .text.vTaskStartScheduler
                0x00001ab8       0x70 FreeRTOS/src/tasks.o
                0x00001ab8                vTaskStartScheduler
 .text.vTaskSuspendAll
                0x00001b28        0xc FreeRTOS/src/tasks.o
                0x00001b28                vTaskSuspendAll
 .text.xTaskGetTickCount
                0x00001b34       0x1c FreeRTOS/src/tasks.o
                0x00001b34                xTaskGetTickCount
 .text.xTaskIncrementTick
                0x00001b50      0x258 FreeRTOS/src/tasks.o
                0x00001b50                xTaskIncrementTick
 .text.xTaskResumeAll
                0x00001da8      0x1b8 FreeRTOS/src/tasks.o
                0x00001da8                xTaskResumeAll
 .text.vTaskDelay
                0x00001f60       0x36 FreeRTOS/src/tasks.o
                0x00001f60                vTaskDelay
 .text.vTaskSwitchContext
                0x00001f96       0xca FreeRTOS/src/tasks.o
                0x00001f96                vTaskSwitchContext
 .text.vTaskPlaceOnEventList
                0x00002060       0x2e FreeRTOS/src/tasks.o
                0x00002060                vTaskPlaceOnEventList
 .text.vTaskPlaceOnEventListRestricted
                0x0000208e       0x84 FreeRTOS/src/tasks.o
                0x0000208e                vTaskPlaceOnEventListRestricted
 .text.xTaskRemoveFromEventList
                0x00002112      0x15e FreeRTOS/src/tasks.o
                0x00002112                xTaskRemoveFromEventList
 .text.vTaskSetTimeOutState
                0x00002270       0x2c FreeRTOS/src/tasks.o
                0x00002270                vTaskSetTimeOutState
 .text.vTaskInternalSetTimeOutState
                0x0000229c       0x22 FreeRTOS/src/tasks.o
                0x0000229c                vTaskInternalSetTimeOutState
 .text.xTaskCheckForTimeOut
                0x000022be       0xcc FreeRTOS/src/tasks.o
                0x000022be                xTaskCheckForTimeOut
 .text.vTaskMissedYield
                0x0000238a        0x8 FreeRTOS/src/tasks.o
                0x0000238a                vTaskMissedYield
 .text.xTaskGetCurrentTaskHandle
                0x00002392        0xa FreeRTOS/src/tasks.o
                0x00002392                xTaskGetCurrentTaskHandle
 .text.xTaskGetSchedulerState
                0x0000239c       0x1c FreeRTOS/src/tasks.o
                0x0000239c                xTaskGetSchedulerState
 .text.xTaskPriorityInherit
                0x000023b8      0x10e FreeRTOS/src/tasks.o
                0x000023b8                xTaskPriorityInherit
 .text.xTaskPriorityDisinherit
                0x000024c6       0xb6 FreeRTOS/src/tasks.o
                0x000024c6                xTaskPriorityDisinherit
 .text.vTaskPriorityDisinheritAfterTimeout
                0x0000257c       0xce FreeRTOS/src/tasks.o
                0x0000257c                vTaskPriorityDisinheritAfterTimeout
 .text.pvTaskIncrementMutexHeldCount
                0x0000264a       0x24 FreeRTOS/src/tasks.o
                0x0000264a                pvTaskIncrementMutexHeldCount
 .text.xTaskGenericNotifyWait
                0x0000266e      0x14e FreeRTOS/src/tasks.o
                0x0000266e                xTaskGenericNotifyWait
 .text.xTaskGenericNotify
                0x000027bc      0x1ee FreeRTOS/src/tasks.o
                0x000027bc                xTaskGenericNotify
 .text.xTaskGenericNotifyFromISR
                0x000029aa      0x244 FreeRTOS/src/tasks.o
                0x000029aa                xTaskGenericNotifyFromISR
 .text.xTaskGenericNotifyStateClear
                0x00002bee       0x34 FreeRTOS/src/tasks.o
                0x00002bee                xTaskGenericNotifyStateClear
 .text.prvGetNextExpireTime
                0x00002c22       0x30 FreeRTOS/src/timers.o
 .text.prvInsertTimerInActiveList
                0x00002c52       0x92 FreeRTOS/src/timers.o
 .text.prvCheckForValidListAndQueue
                0x00002ce4       0x52 FreeRTOS/src/timers.o
 .text.xTimerCreateTimerTask
                0x00002d36       0x42 FreeRTOS/src/timers.o
                0x00002d36                xTimerCreateTimerTask
 .text.xTimerGenericCommand
                0x00002d78       0xbc FreeRTOS/src/timers.o
                0x00002d78                xTimerGenericCommand
 .text.prvSwitchTimerLists
                0x00002e34       0xd0 FreeRTOS/src/timers.o
 .text.prvSampleTimeNow
                0x00002f04       0x5c FreeRTOS/src/timers.o
 .text.prvProcessExpiredTimer
                0x00002f60       0xac FreeRTOS/src/timers.o
 .text.prvProcessTimerOrBlockTask
                0x0000300c       0xae FreeRTOS/src/timers.o
 .text.prvProcessReceivedCommands
                0x000030ba      0x168 FreeRTOS/src/timers.o
 .text.vApplicationIdleHook
                0x00003222        0x2 FreeRTOS/src/variantHooks.o
                0x00003222                vApplicationIdleHook
 .text.prvSetMainLedOn
                0x00003224        0xe FreeRTOS/src/variantHooks.o
                0x00003224                prvSetMainLedOn
 .text.prvBlinkMainLed
                0x00003232        0x8 FreeRTOS/src/variantHooks.o
                0x00003232                prvBlinkMainLed
 .text.vApplicationMallocFailedHook
                0x0000323a       0x18 FreeRTOS/src/variantHooks.o
                0x0000323a                vApplicationMallocFailedHook
 .text.vApplicationStackOverflowHook
                0x00003252       0x18 FreeRTOS/src/variantHooks.o
                0x00003252                vApplicationStackOverflowHook
 .text.humMotorTask
                0x0000326a       0x6a motor.o
                0x0000326a                humMotorTask
 .text.tempAndHumidityTask
                0x000032d4       0xc0 tempAndHum.o
                0x000032d4                tempAndHumidityTask
 .text.lightTask
                0x00003394       0x3a light.o
                0x00003394                lightTask
 .text.lightCallback
                0x000033ce       0xb0 light.o
                0x000033ce                lightCallback
 .text._lora_setup
                0x0000347e      0x14c LoRaWANHandler.o
 .text.lora_handler_task
                0x000035ca      0x144 LoRaWANHandler.o
                0x000035ca                lora_handler_task
 .text.initialiseSystem
                0x0000370e       0xce main.o
                0x0000370e                initialiseSystem
 .text.main     0x000037dc       0xa0 main.o
                0x000037dc                main
 .text.avr-libc.fplib
                0x0000387c       0x58 c:/program files (x86)/atmel/studio/7.0/toolchain/avr8/avr8-gnu-toolchain/bin/../lib/gcc/avr/5.4.0/../../../../avr/lib/avr6\libm.a(fixunssfsi.o)
                0x0000387c                __fixunssfsi
 .text.avr-libc.fplib
                0x000038d4       0x44 c:/program files (x86)/atmel/studio/7.0/toolchain/avr8/avr8-gnu-toolchain/bin/../lib/gcc/avr/5.4.0/../../../../avr/lib/avr6\libm.a(fp_split3.o)
                0x000038d4                __fp_split3
                0x000038e4                __fp_splitA
 .text.avr-libc.fplib
                0x00003918        0xe c:/program files (x86)/atmel/studio/7.0/toolchain/avr8/avr8-gnu-toolchain/bin/../lib/gcc/avr/5.4.0/../../../../avr/lib/avr6\libm.a(fp_zero.o)
                0x00003918                __fp_zero
                0x0000391a                __fp_szero
 .text._hihTwiCallback
                0x00003926       0x5a ../drivers\libIotLibrary.a(hih8120.o)
 .text.hih8120_initialise
                0x00003980       0x30 ../drivers\libIotLibrary.a(hih8120.o)
                0x00003980                hih8120_initialise
 .text.hih8120_wakeup
                0x000039b0       0x2a ../drivers\libIotLibrary.a(hih8120.o)
                0x000039b0                hih8120_wakeup
 .text.hih8120_measure
                0x000039da       0x22 ../drivers\libIotLibrary.a(hih8120.o)
                0x000039da                hih8120_measure
 .text.hih8120_getHumidity
                0x000039fc       0x2a ../drivers\libIotLibrary.a(hih8120.o)
                0x000039fc                hih8120_getHumidity
 .text.hih8120_getHumidityPercent_x10
                0x00003a26       0x14 ../drivers\libIotLibrary.a(hih8120.o)
                0x00003a26                hih8120_getHumidityPercent_x10
 .text.hih8120_getTemperature
                0x00003a3a       0x36 ../drivers\libIotLibrary.a(hih8120.o)
                0x00003a3a                hih8120_getTemperature
 .text.hih8120_getTemperature_x10
                0x00003a70       0x16 ../drivers\libIotLibrary.a(hih8120.o)
                0x00003a70                hih8120_getTemperature_x10
 .text._serialCallBack
                0x00003a86       0x8c ../drivers\libIotLibrary.a(lora_driver.o)
 .text._uploadMessage
                0x00003b12       0xb4 ../drivers\libIotLibrary.a(lora_driver.o)
 .text._reply2ReturnCode
                0x00003bc6       0xea ../drivers\libIotLibrary.a(lora_driver.o)
 .text._uploadMessageRc
                0x00003cb0        0x6 ../drivers\libIotLibrary.a(lora_driver.o)
 .text.lora_driver_flushBuffers
                0x00003cb6        0xe ../drivers\libIotLibrary.a(lora_driver.o)
                0x00003cb6                lora_driver_flushBuffers
 .text.lora_driver_initialise
                0x00003cc4       0x80 ../drivers\libIotLibrary.a(lora_driver.o)
                0x00003cc4                lora_driver_initialise
 .text.lora_driver_resetRn2483
                0x00003d44       0x1c ../drivers\libIotLibrary.a(lora_driver.o)
                0x00003d44                lora_driver_resetRn2483
 .text.lora_driver_rn2483FactoryReset
                0x00003d60       0x24 ../drivers\libIotLibrary.a(lora_driver.o)
                0x00003d60                lora_driver_rn2483FactoryReset
 .text.lora_driver_getRn2483Hweui
                0x00003d84       0x38 ../drivers\libIotLibrary.a(lora_driver.o)
                0x00003d84                lora_driver_getRn2483Hweui
 .text.lora_driver_setDeviceIdentifier
                0x00003dbc       0x22 ../drivers\libIotLibrary.a(lora_driver.o)
                0x00003dbc                lora_driver_setDeviceIdentifier
 .text.lora_driver_setApplicationIdentifier
                0x00003dde       0x22 ../drivers\libIotLibrary.a(lora_driver.o)
                0x00003dde                lora_driver_setApplicationIdentifier
 .text.lora_driver_setApplicationKey
                0x00003e00       0x22 ../drivers\libIotLibrary.a(lora_driver.o)
                0x00003e00                lora_driver_setApplicationKey
 .text.lora_driver_saveMac
                0x00003e22        0xc ../drivers\libIotLibrary.a(lora_driver.o)
                0x00003e22                lora_driver_saveMac
 .text.lora_driver_join
                0x00003e2e       0x52 ../drivers\libIotLibrary.a(lora_driver.o)
                0x00003e2e                lora_driver_join
 .text.lora_driver_sendUploadMessage
                0x00003e80      0x196 ../drivers\libIotLibrary.a(lora_driver.o)
                0x00003e80                lora_driver_sendUploadMessage
 .text.lora_driver_setAdaptiveDataRate
                0x00004016       0x16 ../drivers\libIotLibrary.a(lora_driver.o)
                0x00004016                lora_driver_setAdaptiveDataRate
 .text.lora_driver_setReceiveDelay
                0x0000402c       0x30 ../drivers\libIotLibrary.a(lora_driver.o)
                0x0000402c                lora_driver_setReceiveDelay
 .text.lora_driver_configureToEu868
                0x0000405c      0x1bc ../drivers\libIotLibrary.a(lora_driver.o)
                0x0000405c                lora_driver_configureToEu868
 .text.lora_driver_setOtaaIdentity
                0x00004218       0x42 ../drivers\libIotLibrary.a(lora_driver.o)
                0x00004218                lora_driver_setOtaaIdentity
 .text.lora_driver_mapReturnCodeToText
                0x0000425a       0x18 ../drivers\libIotLibrary.a(lora_driver.o)
                0x0000425a                lora_driver_mapReturnCodeToText
 .text.decode_port_no
                0x00004272       0x58 ../drivers\libIotLibrary.a(lora_driver_utils.o)
                0x00004272                decode_port_no
 .text.decode_hexadecimal_string_bytes
                0x000042ca       0x92 ../drivers\libIotLibrary.a(lora_driver_utils.o)
                0x000042ca                decode_hexadecimal_string_bytes
 .text._serialCallBack
                0x0000435c       0xb6 ../drivers\libIotLibrary.a(mh_z19.o)
 .text.mh_z19_initialise
                0x00004412       0x4a ../drivers\libIotLibrary.a(mh_z19.o)
                0x00004412                mh_z19_initialise
 .text.mh_z19_injectCallBack
                0x0000445c        0xa ../drivers\libIotLibrary.a(mh_z19.o)
                0x0000445c                mh_z19_injectCallBack
 .text.mh_z19_takeMeassuring
                0x00004466       0x5e ../drivers\libIotLibrary.a(mh_z19.o)
                0x00004466                mh_z19_takeMeassuring
 .text.rc_servo_setPosition
                0x000044c4       0x30 ../drivers\libIotLibrary.a(rc_servo.o)
                0x000044c4                rc_servo_setPosition
 .text.rc_servo_initialise
                0x000044f4       0x38 ../drivers\libIotLibrary.a(rc_servo.o)
                0x000044f4                rc_servo_initialise
 .text.serial_create
                0x0000452c      0x14a ../drivers\libIotLibrary.a(serial.o)
                0x0000452c                serial_create
 .text.serial_sendByte
                0x00004676       0x56 ../drivers\libIotLibrary.a(serial.o)
                0x00004676                serial_sendByte
 .text.serial_sendBytes
                0x000046cc       0xaa ../drivers\libIotLibrary.a(serial.o)
                0x000046cc                serial_sendBytes
 .text.serial_getByte
                0x00004776       0x40 ../drivers\libIotLibrary.a(serial.o)
                0x00004776                serial_getByte
 .text.__vector_25
                0x000047b6       0xa4 ../drivers\libIotLibrary.a(serial.o)
                0x000047b6                __vector_25
 .text.__vector_26
                0x0000485a       0x88 ../drivers\libIotLibrary.a(serial.o)
                0x0000485a                __vector_26
 .text.__vector_36
                0x000048e2       0xa4 ../drivers\libIotLibrary.a(serial.o)
                0x000048e2                __vector_36
 .text.__vector_37
                0x00004986       0x88 ../drivers\libIotLibrary.a(serial.o)
                0x00004986                __vector_37
 .text.__vector_51
                0x00004a0e       0xa4 ../drivers\libIotLibrary.a(serial.o)
                0x00004a0e                __vector_51
 .text.__vector_52
                0x00004ab2       0x88 ../drivers\libIotLibrary.a(serial.o)
                0x00004ab2                __vector_52
 .text.__vector_54
                0x00004b3a       0xa4 ../drivers\libIotLibrary.a(serial.o)
                0x00004b3a                __vector_54
 .text.__vector_55
                0x00004bde       0x88 ../drivers\libIotLibrary.a(serial.o)
                0x00004bde                __vector_55
 .text.usart_getchar
                0x00004c66       0x2a ../drivers\libIotLibrary.a(stdio_driver.o)
 .text.usart_putchar
                0x00004c90       0x12 ../drivers\libIotLibrary.a(stdio_driver.o)
 .text.stdio_initialise
                0x00004ca2       0x52 ../drivers\libIotLibrary.a(stdio_driver.o)
                0x00004ca2                stdio_initialise
 .text._turn_off
                0x00004cf4       0x98 ../drivers\libIotLibrary.a(status_leds.o)
 .text._turn_on
                0x00004d8c       0x98 ../drivers\libIotLibrary.a(status_leds.o)
 .text._hal_led_task
                0x00004e24       0x8c ../drivers\libIotLibrary.a(status_leds.o)
 .text.status_leds_initialise
                0x00004eb0       0x9c ../drivers\libIotLibrary.a(status_leds.o)
                0x00004eb0                status_leds_initialise
 .text.status_leds_slowBlink
                0x00004f4c       0x46 ../drivers\libIotLibrary.a(status_leds.o)
                0x00004f4c                status_leds_slowBlink
 .text._callBack
                0x00004f92       0x10 ../drivers\libIotLibrary.a(tsl2591.o)
 .text._tsl2591TwiCallback
                0x00004fa2       0x88 ../drivers\libIotLibrary.a(tsl2591.o)
 .text._twiTransmit
                0x0000502a       0x26 ../drivers\libIotLibrary.a(tsl2591.o)
 .text.tsl2591_initialise
                0x00005050       0x36 ../drivers\libIotLibrary.a(tsl2591.o)
                0x00005050                tsl2591_initialise
 .text.tsl2591_enable
                0x00005086       0x2a ../drivers\libIotLibrary.a(tsl2591.o)
                0x00005086                tsl2591_enable
 .text.tsl2591_fetchData
                0x000050b0       0x24 ../drivers\libIotLibrary.a(tsl2591.o)
                0x000050b0                tsl2591_fetchData
 .text.tsl2591_getLux
                0x000050d4      0x1b2 ../drivers\libIotLibrary.a(tsl2591.o)
                0x000050d4                tsl2591_getLux
 .text._initTwiInterface
                0x00005286       0x22 ../drivers\libIotLibrary.a(twi.o)
 .text.twiCreate
                0x000052a8       0x9a ../drivers\libIotLibrary.a(twi.o)
                0x000052a8                twiCreate
 .text.twiIsBusy
                0x00005342        0x8 ../drivers\libIotLibrary.a(twi.o)
                0x00005342                twiIsBusy
 .text.twiTransmit
                0x0000534a       0x98 ../drivers\libIotLibrary.a(twi.o)
                0x0000534a                twiTransmit
 .text.twiReceive
                0x000053e2       0x66 ../drivers\libIotLibrary.a(twi.o)
                0x000053e2                twiReceive
 .text.__vector_39
                0x00005448      0x17a ../drivers\libIotLibrary.a(twi.o)
                0x00005448                __vector_39
 .text.fifo_init
                0x000055c2       0x38 ../drivers\libIotLibrary.a(fifo.o)
                0x000055c2                fifo_init
 .text.avr-libc.fplib
                0x000055fa        0xa c:/program files (x86)/atmel/studio/7.0/toolchain/avr8/avr8-gnu-toolchain/bin/../lib/gcc/avr/5.4.0/../../../../avr/lib/avr6\libm.a(addsf3.o)
                0x000055fa                __subsf3
                0x000055fc                __addsf3
 .text.avr-libc.fplib
                0x00005604       0xc4 c:/program files (x86)/atmel/studio/7.0/toolchain/avr8/avr8-gnu-toolchain/bin/../lib/gcc/avr/5.4.0/../../../../avr/lib/avr6\libm.a(addsf3x.o)
                0x0000561e                __addsf3x
 .text.avr-libc.fplib
                0x000056c8        0x4 c:/program files (x86)/atmel/studio/7.0/toolchain/avr8/avr8-gnu-toolchain/bin/../lib/gcc/avr/5.4.0/../../../../avr/lib/avr6\libm.a(divsf3.o)
                0x000056c8                __divsf3
 .text.avr-libc.fplib
                0x000056cc       0xd2 c:/program files (x86)/atmel/studio/7.0/toolchain/avr8/avr8-gnu-toolchain/bin/../lib/gcc/avr/5.4.0/../../../../avr/lib/avr6\libm.a(divsf3x.o)
                0x000056e4                __divsf3x
                0x000056ea                __divsf3_pse
 .text.avr-libc.fplib
                0x0000579e        0xe c:/program files (x86)/atmel/studio/7.0/toolchain/avr8/avr8-gnu-toolchain/bin/../lib/gcc/avr/5.4.0/../../../../avr/lib/avr6\libm.a(fixsfsi.o)
                0x0000579e                __fixsfsi
 .text.avr-libc.fplib
                0x000057ac       0x7a c:/program files (x86)/atmel/studio/7.0/toolchain/avr8/avr8-gnu-toolchain/bin/../lib/gcc/avr/5.4.0/../../../../avr/lib/avr6\libm.a(floatsisf.o)
                0x000057ac                __floatunsisf
                0x000057b0                __floatsisf
 .text.avr-libc.fplib
                0x00005826        0xc c:/program files (x86)/atmel/studio/7.0/toolchain/avr8/avr8-gnu-toolchain/bin/../lib/gcc/avr/5.4.0/../../../../avr/lib/avr6\libm.a(fp_inf.o)
                0x00005826                __fp_inf
 .text.avr-libc.fplib
                0x00005832        0x6 c:/program files (x86)/atmel/studio/7.0/toolchain/avr8/avr8-gnu-toolchain/bin/../lib/gcc/avr/5.4.0/../../../../avr/lib/avr6\libm.a(fp_nan.o)
                0x00005832                __fp_nan
 .text.avr-libc.fplib
                0x00005838        0xe c:/program files (x86)/atmel/studio/7.0/toolchain/avr8/avr8-gnu-toolchain/bin/../lib/gcc/avr/5.4.0/../../../../avr/lib/avr6\libm.a(fp_pscA.o)
                0x00005838                __fp_pscA
 .text.avr-libc.fplib
                0x00005846        0xe c:/program files (x86)/atmel/studio/7.0/toolchain/avr8/avr8-gnu-toolchain/bin/../lib/gcc/avr/5.4.0/../../../../avr/lib/avr6\libm.a(fp_pscB.o)
                0x00005846                __fp_pscB
 .text.avr-libc.fplib
                0x00005854       0x22 c:/program files (x86)/atmel/studio/7.0/toolchain/avr8/avr8-gnu-toolchain/bin/../lib/gcc/avr/5.4.0/../../../../avr/lib/avr6\libm.a(fp_round.o)
                0x00005854                __fp_round
 .text.avr-libc.fplib
                0x00005876        0x8 c:/program files (x86)/atmel/studio/7.0/toolchain/avr8/avr8-gnu-toolchain/bin/../lib/gcc/avr/5.4.0/../../../../avr/lib/avr6\libm.a(gesf2.o)
                0x00005876                __gesf2
                0x00005876                __gtsf2
 .text.avr-libc.fplib
                0x0000587e        0x4 c:/program files (x86)/atmel/studio/7.0/toolchain/avr8/avr8-gnu-toolchain/bin/../lib/gcc/avr/5.4.0/../../../../avr/lib/avr6\libm.a(mulsf3.o)
                0x0000587e                __mulsf3
 .text.avr-libc.fplib
                0x00005882       0xc8 c:/program files (x86)/atmel/studio/7.0/toolchain/avr8/avr8-gnu-toolchain/bin/../lib/gcc/avr/5.4.0/../../../../avr/lib/avr6\libm.a(mulsf3x.o)
                0x00005898                __mulsf3x
                0x0000589e                __mulsf3_pse
 .text.avr-libc.fplib
                0x0000594a       0x48 c:/program files (x86)/atmel/studio/7.0/toolchain/avr8/avr8-gnu-toolchain/bin/../lib/gcc/avr/5.4.0/../../../../avr/lib/avr6\libm.a(fp_cmp.o)
                0x0000594a                __fp_cmp
 .text.libgcc.div
                0x00005992       0x44 c:/program files (x86)/atmel/studio/7.0/toolchain/avr8/avr8-gnu-toolchain/bin/../lib/gcc/avr/5.4.0/avr6\libgcc.a(_udivmodsi4.o)
                0x00005992                __udivmodsi4
 .text.libgcc   0x000059d6       0x10 c:/program files (x86)/atmel/studio/7.0/toolchain/avr8/avr8-gnu-toolchain/bin/../lib/gcc/avr/5.4.0/avr6\libgcc.a(_tablejump2.o)
                0x000059d6                __tablejump2__
 .text.avr-libc
                0x000059e6      0x242 c:/program files (x86)/atmel/studio/7.0/toolchain/avr8/avr8-gnu-toolchain/bin/../lib/gcc/avr/5.4.0/../../../../avr/lib/avr6\libc.a(malloc.o)
                0x000059e6                malloc
                0x00005b16                free
 .text.avr-libc
                0x00005c28        0x8 c:/program files (x86)/atmel/studio/7.0/toolchain/avr8/avr8-gnu-toolchain/bin/../lib/gcc/avr/5.4.0/../../../../avr/lib/avr6\libc.a(abort.o)
                0x00005c28                abort
 .text.avr-libc
                0x00005c30       0x12 c:/program files (x86)/atmel/studio/7.0/toolchain/avr8/avr8-gnu-toolchain/bin/../lib/gcc/avr/5.4.0/../../../../avr/lib/avr6\libc.a(memcpy.o)
                0x00005c30                memcpy
 .text.avr-libc
                0x00005c42        0xe c:/program files (x86)/atmel/studio/7.0/toolchain/avr8/avr8-gnu-toolchain/bin/../lib/gcc/avr/5.4.0/../../../../avr/lib/avr6\libc.a(memset.o)
                0x00005c42                memset
 .text.avr-libc
                0x00005c50       0x4a c:/program files (x86)/atmel/studio/7.0/toolchain/avr8/avr8-gnu-toolchain/bin/../lib/gcc/avr/5.4.0/../../../../avr/lib/avr6\libc.a(strcasestr.o)
                0x00005c50                strcasestr
 .text.avr-libc
                0x00005c9a       0x16 c:/program files (x86)/atmel/studio/7.0/toolchain/avr8/avr8-gnu-toolchain/bin/../lib/gcc/avr/5.4.0/../../../../avr/lib/avr6\libc.a(strcat.o)
                0x00005c9a                strcat
 .text.avr-libc
                0x00005cb0        0xe c:/program files (x86)/atmel/studio/7.0/toolchain/avr8/avr8-gnu-toolchain/bin/../lib/gcc/avr/5.4.0/../../../../avr/lib/avr6\libc.a(strcpy.o)
                0x00005cb0                strcpy
 .text.avr-libc
                0x00005cbe       0x30 c:/program files (x86)/atmel/studio/7.0/toolchain/avr8/avr8-gnu-toolchain/bin/../lib/gcc/avr/5.4.0/../../../../avr/lib/avr6\libc.a(strncasecmp.o)
                0x00005cbe                strncasecmp
 .text.avr-libc
                0x00005cee       0x26 c:/program files (x86)/atmel/studio/7.0/toolchain/avr8/avr8-gnu-toolchain/bin/../lib/gcc/avr/5.4.0/../../../../avr/lib/avr6\libc.a(printf.o)
                0x00005cee                printf
 .text.avr-libc
                0x00005d14       0x60 c:/program files (x86)/atmel/studio/7.0/toolchain/avr8/avr8-gnu-toolchain/bin/../lib/gcc/avr/5.4.0/../../../../avr/lib/avr6\libc.a(puts.o)
                0x00005d14                puts
 .text.avr-libc
                0x00005d74       0x5c c:/program files (x86)/atmel/studio/7.0/toolchain/avr8/avr8-gnu-toolchain/bin/../lib/gcc/avr/5.4.0/../../../../avr/lib/avr6\libc.a(sprintf.o)
                0x00005d74                sprintf
 .text.avr-libc
                0x00005dd0      0x3fa c:/program files (x86)/atmel/studio/7.0/toolchain/avr8/avr8-gnu-toolchain/bin/../lib/gcc/avr/5.4.0/../../../../avr/lib/avr6\libc.a(vfprintf_std.o)
                0x00005dd0                vfprintf
 .text.avr-libc
                0x000061ca       0x16 c:/program files (x86)/atmel/studio/7.0/toolchain/avr8/avr8-gnu-toolchain/bin/../lib/gcc/avr/5.4.0/../../../../avr/lib/avr6\libc.a(strnlen_P.o)
                0x000061ca                strnlen_P
 .text.avr-libc
                0x000061e0       0x16 c:/program files (x86)/atmel/studio/7.0/toolchain/avr8/avr8-gnu-toolchain/bin/../lib/gcc/avr/5.4.0/../../../../avr/lib/avr6\libc.a(strnlen.o)
                0x000061e0                strnlen
 .text.avr-libc
                0x000061f6       0x78 c:/program files (x86)/atmel/studio/7.0/toolchain/avr8/avr8-gnu-toolchain/bin/../lib/gcc/avr/5.4.0/../../../../avr/lib/avr6\libc.a(fputc.o)
                0x000061f6                fputc
 .text.avr-libc
                0x0000626e       0xbc c:/program files (x86)/atmel/studio/7.0/toolchain/avr8/avr8-gnu-toolchain/bin/../lib/gcc/avr/5.4.0/../../../../avr/lib/avr6\libc.a(ultoa_invert.o)
                0x0000626e                __ultoa_invert
                0x0000632a                . = ALIGN (0x2)
 *(.fini9)
 .fini9         0x0000632a        0x0 c:/program files (x86)/atmel/studio/7.0/toolchain/avr8/avr8-gnu-toolchain/bin/../lib/gcc/avr/5.4.0/avr6\libgcc.a(_exit.o)
                0x0000632a                _exit
                0x0000632a                exit
 *(.fini9)
 *(.fini8)
 *(.fini8)
 *(.fini7)
 *(.fini7)
 *(.fini6)
 *(.fini6)
 *(.fini5)
 *(.fini5)
 *(.fini4)
 *(.fini4)
 *(.fini3)
 *(.fini3)
 *(.fini2)
 *(.fini2)
 *(.fini1)
 *(.fini1)
 *(.fini0)
 .fini0         0x0000632a        0x4 c:/program files (x86)/atmel/studio/7.0/toolchain/avr8/avr8-gnu-toolchain/bin/../lib/gcc/avr/5.4.0/avr6\libgcc.a(_exit.o)
 *(.fini0)
                0x0000632e                _etext = .

.data           0x00800200      0x5d8 load address 0x0000632e
                0x00800200                PROVIDE (__data_start, .)
 *(.data)
 .data          0x00800200        0x6 c:/program files (x86)/atmel/studio/7.0/toolchain/avr8/avr8-gnu-toolchain/bin/../lib/gcc/avr/5.4.0/../../../../avr/lib/avr6\libc.a(malloc.o)
                0x00800200                __malloc_heap_end
                0x00800202                __malloc_heap_start
                0x00800204                __malloc_margin
 *(.data*)
 .data.uxTopUsedPriority
                0x00800206        0x1 FreeRTOS/src/tasks.o
                0x00800206                uxTopUsedPriority
 .data._temp    0x00800207        0x2 ../drivers\libIotLibrary.a(hih8120.o)
 .data._hum     0x00800209        0x2 ../drivers\libIotLibrary.a(hih8120.o)
 .data._com_port_2_udr
                0x0080020b        0x8 ../drivers\libIotLibrary.a(serial.o)
                0x0080020b                _com_port_2_udr
 .data.mystdout.1882
                0x00800213        0xe ../drivers\libIotLibrary.a(stdio_driver.o)
 .data._twiCurrentState
                0x00800221        0x1 ../drivers\libIotLibrary.a(twi.o)
 *(.gnu.linkonce.d*)
 *(.rodata)
 .rodata        0x00800222       0x20 ../drivers\libIotLibrary.a(lora_driver.o)
 .rodata        0x00800242       0x2d ../drivers\libIotLibrary.a(mh_z19.o)
 *(.rodata*)
 .rodata.str1.1
                0x0080026f       0x18 co2.o
 .rodata.str1.1
                0x00800287        0x5 FreeRTOS/src/tasks.o
 .rodata.str1.1
                0x0080028c        0x8 FreeRTOS/src/timers.o
 .rodata.str1.1
                0x00800294       0x35 tempAndHum.o
 .rodata.str1.1
                0x008002c9       0x23 light.o
 .rodata.str1.1
                0x008002ec      0x10d LoRaWANHandler.o
 .rodata.str1.1
                0x008003f9      0x10a main.o
 .rodata.str1.1
                0x00800503      0x295 ../drivers\libIotLibrary.a(lora_driver.o)
                                0x2a5 (size before relaxing)
 .rodata._joinMode
                0x00800798        0x4 ../drivers\libIotLibrary.a(lora_driver.o)
 .rodata._returnCode
                0x0080079c       0x33 ../drivers\libIotLibrary.a(lora_driver.o)
                0x0080079c                _returnCode
 .rodata.str1.1
                0x008007cf        0x8 ../drivers\libIotLibrary.a(status_leds.o)
 *(.gnu.linkonce.r*)
                0x008007d8                . = ALIGN (0x2)
 *fill*         0x008007d7        0x1 
                0x008007d8                _edata = .
                0x008007d8                PROVIDE (__data_end, .)

.bss            0x008007d8      0xc3c
                0x008007d8                PROVIDE (__bss_start, .)
 *(.bss)
 *(.bss*)
 .bss.xBlockAllocatedBit
                0x008007d8        0x2 FreeRTOS/src/heap_4.o
 .bss.xNumberOfSuccessfulFrees
                0x008007da        0x2 FreeRTOS/src/heap_4.o
 .bss.xNumberOfSuccessfulAllocations
                0x008007dc        0x2 FreeRTOS/src/heap_4.o
 .bss.xMinimumEverFreeBytesRemaining
                0x008007de        0x2 FreeRTOS/src/heap_4.o
 .bss.xFreeBytesRemaining
                0x008007e0        0x2 FreeRTOS/src/heap_4.o
 .bss.pxEnd     0x008007e2        0x2 FreeRTOS/src/heap_4.o
 .bss.xStart    0x008007e4        0x4 FreeRTOS/src/heap_4.o
 .bss.ucHeap    0x008007e8      0x9c4 FreeRTOS/src/heap_4.o
 .bss.uxSchedulerSuspended
                0x008011ac        0x1 FreeRTOS/src/tasks.o
 .bss.xIdleTaskHandle
                0x008011ad        0x2 FreeRTOS/src/tasks.o
 .bss.xNextTaskUnblockTime
                0x008011af        0x4 FreeRTOS/src/tasks.o
 .bss.uxTaskNumber
                0x008011b3        0x1 FreeRTOS/src/tasks.o
 .bss.xNumOfOverflows
                0x008011b4        0x1 FreeRTOS/src/tasks.o
 .bss.xYieldPending
                0x008011b5        0x1 FreeRTOS/src/tasks.o
 .bss.xPendedTicks
                0x008011b6        0x4 FreeRTOS/src/tasks.o
 .bss.xSchedulerRunning
                0x008011ba        0x1 FreeRTOS/src/tasks.o
 .bss.uxTopReadyPriority
                0x008011bb        0x1 FreeRTOS/src/tasks.o
 .bss.xTickCount
                0x008011bc        0x4 FreeRTOS/src/tasks.o
 .bss.uxCurrentNumberOfTasks
                0x008011c0        0x1 FreeRTOS/src/tasks.o
 .bss.xSuspendedTaskList
                0x008011c1        0xb FreeRTOS/src/tasks.o
 .bss.uxDeletedTasksWaitingCleanUp
                0x008011cc        0x1 FreeRTOS/src/tasks.o
 .bss.xTasksWaitingTermination
                0x008011cd        0xb FreeRTOS/src/tasks.o
 .bss.xPendingReadyList
                0x008011d8        0xb FreeRTOS/src/tasks.o
 .bss.pxOverflowDelayedTaskList
                0x008011e3        0x2 FreeRTOS/src/tasks.o
 .bss.pxDelayedTaskList
                0x008011e5        0x2 FreeRTOS/src/tasks.o
 .bss.xDelayedTaskList2
                0x008011e7        0xb FreeRTOS/src/tasks.o
 .bss.xDelayedTaskList1
                0x008011f2        0xb FreeRTOS/src/tasks.o
 .bss.pxReadyTasksLists
                0x008011fd       0x6e FreeRTOS/src/tasks.o
 .bss.pxCurrentTCB
                0x0080126b        0x2 FreeRTOS/src/tasks.o
                0x0080126b                pxCurrentTCB
 .bss.xLastTime.2436
                0x0080126d        0x4 FreeRTOS/src/timers.o
 .bss.xTimerTaskHandle
                0x00801271        0x2 FreeRTOS/src/timers.o
 .bss.xTimerQueue
                0x00801273        0x2 FreeRTOS/src/timers.o
 .bss.pxOverflowTimerList
                0x00801275        0x2 FreeRTOS/src/timers.o
 .bss.pxCurrentTimerList
                0x00801277        0x2 FreeRTOS/src/timers.o
 .bss.xActiveTimerList2
                0x00801279        0xb FreeRTOS/src/timers.o
 .bss.xActiveTimerList1
                0x00801284        0xb FreeRTOS/src/timers.o
 .bss._downlink_payload
                0x0080128f       0x16 LoRaWANHandler.o
 .bss._uplink_payload
                0x008012a5       0x16 LoRaWANHandler.o
 .bss._measuringIsReady
                0x008012bb        0x1 ../drivers\libIotLibrary.a(hih8120.o)
 .bss._hih8120Handler
                0x008012bc        0x2 ../drivers\libIotLibrary.a(hih8120.o)
 .bss._tmp_buf.2871
                0x008012be       0x37 ../drivers\libIotLibrary.a(lora_driver.o)
 .bss.rec_buf_inp.2878
                0x008012f5        0x1 ../drivers\libIotLibrary.a(lora_driver.o)
 .bss._downlinkMessageBuffer
                0x008012f6        0x2 ../drivers\libIotLibrary.a(lora_driver.o)
 .bss._serialReplyBufferHandle
                0x008012f8        0x2 ../drivers\libIotLibrary.a(lora_driver.o)
 .bss._rn2483_serial
                0x008012fa        0x2 ../drivers\libIotLibrary.a(lora_driver.o)
 .bss._downlinkPayload
                0x008012fc       0x16 ../drivers\libIotLibrary.a(lora_driver.o)
 .bss._payLoadHexBytes
                0x00801312       0x15 ../drivers\libIotLibrary.a(lora_driver.o)
 .bss._recMessageBuf
                0x00801327       0x2d ../drivers\libIotLibrary.a(lora_driver.o)
 .bss._sendMessage
                0x00801354       0x2d ../drivers\libIotLibrary.a(lora_driver.o)
 .bss._replyMess
                0x00801381       0x2d ../drivers\libIotLibrary.a(lora_driver.o)
 .bss.data.1944
                0x008013ae        0x2 ../drivers\libIotLibrary.a(mh_z19.o)
 .bss.inDex.1943
                0x008013b0        0x1 ../drivers\libIotLibrary.a(mh_z19.o)
 .bss.crc_sum.1945
                0x008013b1        0x1 ../drivers\libIotLibrary.a(mh_z19.o)
 .bss._appCallBack
                0x008013b2        0x2 ../drivers\libIotLibrary.a(mh_z19.o)
 .bss._mh_state
                0x008013b4        0x1 ../drivers\libIotLibrary.a(mh_z19.o)
                0x008013b4                _mh_state
 .bss._ppm      0x008013b5        0x2 ../drivers\libIotLibrary.a(mh_z19.o)
 .bss._serial   0x008013b7        0x2 ../drivers\libIotLibrary.a(mh_z19.o)
 .bss._ser_handle
                0x008013b9        0x8 ../drivers\libIotLibrary.a(serial.o)
 .bss._com_serial_instance
                0x008013c1        0x2 ../drivers\libIotLibrary.a(stdio_driver.o)
 .bss._led_status
                0x008013c3       0x18 ../drivers\libIotLibrary.a(status_leds.o)
 .bss._infraredRaw
                0x008013db        0x2 ../drivers\libIotLibrary.a(tsl2591.o)
 .bss._fullSpectrumRaw
                0x008013dd        0x2 ../drivers\libIotLibrary.a(tsl2591.o)
 .bss._deviceId
                0x008013df        0x1 ../drivers\libIotLibrary.a(tsl2591.o)
 .bss._currentIntegrationTime
                0x008013e0        0x1 ../drivers\libIotLibrary.a(tsl2591.o)
 .bss._currentGain
                0x008013e1        0x1 ../drivers\libIotLibrary.a(tsl2591.o)
 .bss._nextState
                0x008013e2        0x1 ../drivers\libIotLibrary.a(tsl2591.o)
 .bss._callBackFunction
                0x008013e3        0x2 ../drivers\libIotLibrary.a(tsl2591.o)
 .bss._twiHandler
                0x008013e5        0x2 ../drivers\libIotLibrary.a(tsl2591.o)
 .bss._index.1885
                0x008013e7        0x1 ../drivers\libIotLibrary.a(twi.o)
 .bss._twiCurrentHandler
                0x008013e8        0x2 ../drivers\libIotLibrary.a(twi.o)
 .bss._twiMessageLen
                0x008013ea        0x1 ../drivers\libIotLibrary.a(twi.o)
 .bss._twiMessageBuffer
                0x008013eb        0xa ../drivers\libIotLibrary.a(twi.o)
 .bss._twiIsInitiated
                0x008013f5        0x1 ../drivers\libIotLibrary.a(twi.o)
 *(COMMON)
 COMMON         0x008013f6       0x14 co2.o
                0x008013f6                downlink_buffer
                0x008013f8                entry_data
                0x00801400                desired_data
                0x00801408                hardware_semaphore
 COMMON         0x0080140a        0x4 c:/program files (x86)/atmel/studio/7.0/toolchain/avr8/avr8-gnu-toolchain/bin/../lib/gcc/avr/5.4.0/../../../../avr/lib/avr6\libc.a(malloc.o)
                0x0080140a                __brkval
                0x0080140c                __flp
 COMMON         0x0080140e        0x6 c:/program files (x86)/atmel/studio/7.0/toolchain/avr8/avr8-gnu-toolchain/bin/../lib/gcc/avr/5.4.0/../../../../avr/lib/avr6\libc.a(iob.o)
                0x0080140e                __iob
                0x00801414                PROVIDE (__bss_end, .)
                0x0000632e                __data_load_start = LOADADDR (.data)
                0x00006906                __data_load_end = (__data_load_start + SIZEOF (.data))

.noinit         0x00801414        0x0
                [!provide]                PROVIDE (__noinit_start, .)
 *(.noinit*)
                [!provide]                PROVIDE (__noinit_end, .)
                0x00801414                _end = .
                0x00801414                PROVIDE (__heap_start, .)

.eeprom         0x00810000        0x0
 *(.eeprom*)
                0x00810000                __eeprom_end = .

.fuse
 *(.fuse)
 *(.lfuse)
 *(.hfuse)
 *(.efuse)

.lock
 *(.lock*)

.signature
 *(.signature*)

.user_signatures
 *(.user_signatures*)

.stab
 *(.stab)

.stabstr
 *(.stabstr)

.stab.excl
 *(.stab.excl)

.stab.exclstr
 *(.stab.exclstr)

.stab.index
 *(.stab.index)

.stab.indexstr
 *(.stab.indexstr)

.comment        0x00000000       0x5c
 *(.comment)
 .comment       0x00000000       0x30 co2.o
                                 0x31 (size before relaxing)
 .comment       0x00000030       0x31 FreeRTOS/src/heap_4.o
 .comment       0x00000030       0x31 FreeRTOS/src/list.o
 .comment       0x00000030       0x31 FreeRTOS/src/port.o
 .comment       0x00000030       0x31 FreeRTOS/src/queue.o
 .comment       0x00000030       0x31 FreeRTOS/src/stream_buffer.o
 .comment       0x00000030       0x31 FreeRTOS/src/tasks.o
 .comment       0x00000030       0x31 FreeRTOS/src/timers.o
 .comment       0x00000030       0x31 FreeRTOS/src/variantHooks.o
 .comment       0x00000030       0x31 motor.o
 .comment       0x00000030       0x31 tempAndHum.o
 .comment       0x00000030       0x31 light.o
 .comment       0x00000030       0x31 LoRaWANHandler.o
 .comment       0x00000030       0x31 main.o
 .comment       0x00000030       0x31 ../drivers\libIotLibrary.a(hih8120.o)
 .comment       0x00000030       0x31 ../drivers\libIotLibrary.a(lora_driver.o)
 .comment       0x00000030       0x31 ../drivers\libIotLibrary.a(lora_driver_utils.o)
 .comment       0x00000030       0x31 ../drivers\libIotLibrary.a(mh_z19.o)
 .comment       0x00000030       0x31 ../drivers\libIotLibrary.a(rc_servo.o)
 .comment       0x00000030       0x31 ../drivers\libIotLibrary.a(serial.o)
 .comment       0x00000030       0x31 ../drivers\libIotLibrary.a(stdio_driver.o)
 .comment       0x00000030       0x31 ../drivers\libIotLibrary.a(status_leds.o)
 .comment       0x00000030       0x31 ../drivers\libIotLibrary.a(tsl2591.o)
 .comment       0x00000030       0x31 ../drivers\libIotLibrary.a(twi.o)
 .comment       0x00000030       0x31 ../drivers\libIotLibrary.a(fifo.o)
 .comment       0x00000030       0x31 c:/program files (x86)/atmel/studio/7.0/toolchain/avr8/avr8-gnu-toolchain/bin/../lib/gcc/avr/5.4.0/../../../../avr/lib/avr6\libc.a(malloc.o)
 .comment       0x00000030       0x31 c:/program files (x86)/atmel/studio/7.0/toolchain/avr8/avr8-gnu-toolchain/bin/../lib/gcc/avr/5.4.0/../../../../avr/lib/avr6\libc.a(iob.o)
 .comment       0x00000030       0x31 c:/program files (x86)/atmel/studio/7.0/toolchain/avr8/avr8-gnu-toolchain/bin/../lib/gcc/avr/5.4.0/../../../../avr/lib/avr6\libc.a(printf.o)
 .comment       0x00000030       0x31 c:/program files (x86)/atmel/studio/7.0/toolchain/avr8/avr8-gnu-toolchain/bin/../lib/gcc/avr/5.4.0/../../../../avr/lib/avr6\libc.a(puts.o)
 .comment       0x00000030       0x31 c:/program files (x86)/atmel/studio/7.0/toolchain/avr8/avr8-gnu-toolchain/bin/../lib/gcc/avr/5.4.0/../../../../avr/lib/avr6\libc.a(sprintf.o)
 .comment       0x00000030       0x2c c:/program files (x86)/atmel/studio/7.0/toolchain/avr8/avr8-gnu-toolchain/bin/../lib/gcc/avr/5.4.0/../../../../avr/lib/avr6\libc.a(vfprintf_std.o)
                                 0x2d (size before relaxing)
 .comment       0x0000005c       0x31 c:/program files (x86)/atmel/studio/7.0/toolchain/avr8/avr8-gnu-toolchain/bin/../lib/gcc/avr/5.4.0/../../../../avr/lib/avr6\libc.a(fputc.o)

.note.gnu.avr.deviceinfo
                0x00000000       0x40
 .note.gnu.avr.deviceinfo
                0x00000000       0x40 C:/Program Files (x86)/Atmel/Studio/7.0/Packs/atmel/ATmega_DFP/1.6.364/gcc/dev/atmega2560/avr6/crtatmega2560.o

.note.gnu.build-id
 *(.note.gnu.build-id)

.debug
 *(.debug)

.line
 *(.line)

.debug_srcinfo
 *(.debug_srcinfo)

.debug_sfnames
 *(.debug_sfnames)

.debug_aranges  0x00000000      0xaf0
 *(.debug_aranges)
 .debug_aranges
                0x00000000       0x28 co2.o
 .debug_aranges
                0x00000028       0x58 FreeRTOS/src/heap_4.o
 .debug_aranges
                0x00000080       0x40 FreeRTOS/src/list.o
 .debug_aranges
                0x000000c0       0x58 FreeRTOS/src/port.o
 .debug_aranges
                0x00000118       0xf8 FreeRTOS/src/queue.o
 .debug_aranges
                0x00000210       0xc0 FreeRTOS/src/stream_buffer.o
 .debug_aranges
                0x000002d0      0x1d0 FreeRTOS/src/tasks.o
 .debug_aranges
                0x000004a0       0xc8 FreeRTOS/src/timers.o
 .debug_aranges
                0x00000568       0x40 FreeRTOS/src/variantHooks.o
 .debug_aranges
                0x000005a8       0x20 motor.o
 .debug_aranges
                0x000005c8       0x20 tempAndHum.o
 .debug_aranges
                0x000005e8       0x28 light.o
 .debug_aranges
                0x00000610       0x28 LoRaWANHandler.o
 .debug_aranges
                0x00000638       0x28 main.o
 .debug_aranges
                0x00000660       0x68 ../drivers\libIotLibrary.a(hih8120.o)
 .debug_aranges
                0x000006c8      0x138 ../drivers\libIotLibrary.a(lora_driver.o)
 .debug_aranges
                0x00000800       0x28 ../drivers\libIotLibrary.a(lora_driver_utils.o)
 .debug_aranges
                0x00000828       0x58 ../drivers\libIotLibrary.a(mh_z19.o)
 .debug_aranges
                0x00000880       0x28 ../drivers\libIotLibrary.a(rc_servo.o)
 .debug_aranges
                0x000008a8       0x90 ../drivers\libIotLibrary.a(serial.o)
 .debug_aranges
                0x00000938       0x38 ../drivers\libIotLibrary.a(stdio_driver.o)
 .debug_aranges
                0x00000970       0x68 ../drivers\libIotLibrary.a(status_leds.o)
 .debug_aranges
                0x000009d8       0xa8 ../drivers\libIotLibrary.a(tsl2591.o)
 .debug_aranges
                0x00000a80       0x50 ../drivers\libIotLibrary.a(twi.o)
 .debug_aranges
                0x00000ad0       0x20 ../drivers\libIotLibrary.a(fifo.o)

.debug_pubnames
 *(.debug_pubnames)

.debug_info     0x00000000     0xdd08
 *(.debug_info .gnu.linkonce.wi.*)
 .debug_info    0x00000000      0xbbc C:/Program Files (x86)/Atmel/Studio/7.0/Packs/atmel/ATmega_DFP/1.6.364/gcc/dev/atmega2560/avr6/crtatmega2560.o
 .debug_info    0x00000bbc      0x338 co2.o
 .debug_info    0x00000ef4      0x4e6 FreeRTOS/src/heap_4.o
 .debug_info    0x000013da      0x2e7 FreeRTOS/src/list.o
 .debug_info    0x000016c1      0x2ff FreeRTOS/src/port.o
 .debug_info    0x000019c0     0x17e6 FreeRTOS/src/queue.o
 .debug_info    0x000031a6     0x13df FreeRTOS/src/stream_buffer.o
 .debug_info    0x00004585     0x2239 FreeRTOS/src/tasks.o
 .debug_info    0x000067be     0x10dd FreeRTOS/src/timers.o
 .debug_info    0x0000789b      0x20f FreeRTOS/src/variantHooks.o
 .debug_info    0x00007aaa      0x2e6 motor.o
 .debug_info    0x00007d90      0x39d tempAndHum.o
 .debug_info    0x0000812d      0x409 light.o
 .debug_info    0x00008536      0x7b1 LoRaWANHandler.o
 .debug_info    0x00008ce7      0x672 main.o
 .debug_info    0x00009359      0x3a9 ../drivers\libIotLibrary.a(hih8120.o)
 .debug_info    0x00009702     0x1747 ../drivers\libIotLibrary.a(lora_driver.o)
 .debug_info    0x0000ae49      0x143 ../drivers\libIotLibrary.a(lora_driver_utils.o)
 .debug_info    0x0000af8c      0x556 ../drivers\libIotLibrary.a(mh_z19.o)
 .debug_info    0x0000b4e2      0x10f ../drivers\libIotLibrary.a(rc_servo.o)
 .debug_info    0x0000b5f1      0xd9b ../drivers\libIotLibrary.a(serial.o)
 .debug_info    0x0000c38c      0x3b6 ../drivers\libIotLibrary.a(stdio_driver.o)
 .debug_info    0x0000c742      0x50c ../drivers\libIotLibrary.a(status_leds.o)
 .debug_info    0x0000cc4e      0x99a ../drivers\libIotLibrary.a(tsl2591.o)
 .debug_info    0x0000d5e8      0x55d ../drivers\libIotLibrary.a(twi.o)
 .debug_info    0x0000db45      0x1c3 ../drivers\libIotLibrary.a(fifo.o)

.debug_abbrev   0x00000000     0x3730
 *(.debug_abbrev)
 .debug_abbrev  0x00000000      0xb1a C:/Program Files (x86)/Atmel/Studio/7.0/Packs/atmel/ATmega_DFP/1.6.364/gcc/dev/atmega2560/avr6/crtatmega2560.o
 .debug_abbrev  0x00000b1a      0x168 co2.o
 .debug_abbrev  0x00000c82      0x200 FreeRTOS/src/heap_4.o
 .debug_abbrev  0x00000e82       0xff FreeRTOS/src/list.o
 .debug_abbrev  0x00000f81      0x179 FreeRTOS/src/port.o
 .debug_abbrev  0x000010fa      0x241 FreeRTOS/src/queue.o
 .debug_abbrev  0x0000133b      0x246 FreeRTOS/src/stream_buffer.o
 .debug_abbrev  0x00001581      0x2c8 FreeRTOS/src/tasks.o
 .debug_abbrev  0x00001849      0x28c FreeRTOS/src/timers.o
 .debug_abbrev  0x00001ad5       0xff FreeRTOS/src/variantHooks.o
 .debug_abbrev  0x00001bd4      0x104 motor.o
 .debug_abbrev  0x00001cd8      0x141 tempAndHum.o
 .debug_abbrev  0x00001e19      0x18c light.o
 .debug_abbrev  0x00001fa5      0x19a LoRaWANHandler.o
 .debug_abbrev  0x0000213f      0x15c main.o
 .debug_abbrev  0x0000229b      0x184 ../drivers\libIotLibrary.a(hih8120.o)
 .debug_abbrev  0x0000241f      0x33b ../drivers\libIotLibrary.a(lora_driver.o)
 .debug_abbrev  0x0000275a       0xc0 ../drivers\libIotLibrary.a(lora_driver_utils.o)
 .debug_abbrev  0x0000281a      0x238 ../drivers\libIotLibrary.a(mh_z19.o)
 .debug_abbrev  0x00002a52       0xbc ../drivers\libIotLibrary.a(rc_servo.o)
 .debug_abbrev  0x00002b0e      0x355 ../drivers\libIotLibrary.a(serial.o)
 .debug_abbrev  0x00002e63      0x1b3 ../drivers\libIotLibrary.a(stdio_driver.o)
 .debug_abbrev  0x00003016      0x1d7 ../drivers\libIotLibrary.a(status_leds.o)
 .debug_abbrev  0x000031ed      0x244 ../drivers\libIotLibrary.a(tsl2591.o)
 .debug_abbrev  0x00003431      0x217 ../drivers\libIotLibrary.a(twi.o)
 .debug_abbrev  0x00003648       0xe8 ../drivers\libIotLibrary.a(fifo.o)

.debug_line     0x00000000     0x6c96
 *(.debug_line .debug_line.* .debug_line_end)
 .debug_line    0x00000000      0x1fa C:/Program Files (x86)/Atmel/Studio/7.0/Packs/atmel/ATmega_DFP/1.6.364/gcc/dev/atmega2560/avr6/crtatmega2560.o
 .debug_line    0x000001fa      0x16a co2.o
 .debug_line    0x00000364      0x41f FreeRTOS/src/heap_4.o
 .debug_line    0x00000783      0x1db FreeRTOS/src/list.o
 .debug_line    0x0000095e      0x28a FreeRTOS/src/port.o
 .debug_line    0x00000be8      0xbe3 FreeRTOS/src/queue.o
 .debug_line    0x000017cb      0x79a FreeRTOS/src/stream_buffer.o
 .debug_line    0x00001f65     0x15ba FreeRTOS/src/tasks.o
 .debug_line    0x0000351f      0x624 FreeRTOS/src/timers.o
 .debug_line    0x00003b43      0x1af FreeRTOS/src/variantHooks.o
 .debug_line    0x00003cf2      0x147 motor.o
 .debug_line    0x00003e39      0x198 tempAndHum.o
 .debug_line    0x00003fd1      0x1b3 light.o
 .debug_line    0x00004184      0x28d LoRaWANHandler.o
 .debug_line    0x00004411      0x2fb main.o
 .debug_line    0x0000470c      0x24a ../drivers\libIotLibrary.a(hih8120.o)
 .debug_line    0x00004956      0x9aa ../drivers\libIotLibrary.a(lora_driver.o)
 .debug_line    0x00005300      0x195 ../drivers\libIotLibrary.a(lora_driver_utils.o)
 .debug_line    0x00005495      0x2fc ../drivers\libIotLibrary.a(mh_z19.o)
 .debug_line    0x00005791       0xfd ../drivers\libIotLibrary.a(rc_servo.o)
 .debug_line    0x0000588e      0x6a0 ../drivers\libIotLibrary.a(serial.o)
 .debug_line    0x00005f2e      0x146 ../drivers\libIotLibrary.a(stdio_driver.o)
 .debug_line    0x00006074      0x32c ../drivers\libIotLibrary.a(status_leds.o)
 .debug_line    0x000063a0      0x4bf ../drivers\libIotLibrary.a(tsl2591.o)
 .debug_line    0x0000685f      0x31c ../drivers\libIotLibrary.a(twi.o)
 .debug_line    0x00006b7b      0x11b ../drivers\libIotLibrary.a(fifo.o)

.debug_frame    0x00000000     0x2628
 *(.debug_frame)
 .debug_frame   0x00000000       0x54 co2.o
 .debug_frame   0x00000054       0xfc FreeRTOS/src/heap_4.o
 .debug_frame   0x00000150       0x90 FreeRTOS/src/list.o
 .debug_frame   0x000001e0       0x94 FreeRTOS/src/port.o
 .debug_frame   0x00000274      0x3a4 FreeRTOS/src/queue.o
 .debug_frame   0x00000618      0x40c FreeRTOS/src/stream_buffer.o
 .debug_frame   0x00000a24      0x7a0 FreeRTOS/src/tasks.o
 .debug_frame   0x000011c4      0x3ac FreeRTOS/src/timers.o
 .debug_frame   0x00001570       0x64 FreeRTOS/src/variantHooks.o
 .debug_frame   0x000015d4       0x24 motor.o
 .debug_frame   0x000015f8       0x44 tempAndHum.o
 .debug_frame   0x0000163c       0x5c light.o
 .debug_frame   0x00001698       0x50 LoRaWANHandler.o
 .debug_frame   0x000016e8       0x64 main.o
 .debug_frame   0x0000174c       0xc0 ../drivers\libIotLibrary.a(hih8120.o)
 .debug_frame   0x0000180c      0x460 ../drivers\libIotLibrary.a(lora_driver.o)
 .debug_frame   0x00001c6c       0x48 ../drivers\libIotLibrary.a(lora_driver_utils.o)
 .debug_frame   0x00001cb4      0x100 ../drivers\libIotLibrary.a(mh_z19.o)
 .debug_frame   0x00001db4       0x34 ../drivers\libIotLibrary.a(rc_servo.o)
 .debug_frame   0x00001de8      0x384 ../drivers\libIotLibrary.a(serial.o)
 .debug_frame   0x0000216c       0x94 ../drivers\libIotLibrary.a(stdio_driver.o)
 .debug_frame   0x00002200       0xec ../drivers\libIotLibrary.a(status_leds.o)
 .debug_frame   0x000022ec      0x1ec ../drivers\libIotLibrary.a(tsl2591.o)
 .debug_frame   0x000024d8      0x12c ../drivers\libIotLibrary.a(twi.o)
 .debug_frame   0x00002604       0x24 ../drivers\libIotLibrary.a(fifo.o)

.debug_str      0x00000000     0x45fa
 *(.debug_str)
 .debug_str     0x00000000      0x3e6 C:/Program Files (x86)/Atmel/Studio/7.0/Packs/atmel/ATmega_DFP/1.6.364/gcc/dev/atmega2560/avr6/crtatmega2560.o
 .debug_str     0x000003e6      0x2d5 co2.o
                                0x335 (size before relaxing)
 .debug_str     0x000006bb      0x30c FreeRTOS/src/heap_4.o
                                0x470 (size before relaxing)
 .debug_str     0x000009c7      0x135 FreeRTOS/src/list.o
                                0x2ac (size before relaxing)
 .debug_str     0x00000afc      0x152 FreeRTOS/src/port.o
                                0x2e1 (size before relaxing)
 .debug_str     0x00000c4e      0x633 FreeRTOS/src/queue.o
                                0x920 (size before relaxing)
 .debug_str     0x00001281      0x4ed FreeRTOS/src/stream_buffer.o
                                0x7a9 (size before relaxing)
 .debug_str     0x0000176e      0x936 FreeRTOS/src/tasks.o
                                0xf41 (size before relaxing)
 .debug_str     0x000020a4      0x414 FreeRTOS/src/timers.o
                                0x817 (size before relaxing)
 .debug_str     0x000024b8       0x81 FreeRTOS/src/variantHooks.o
                                0x258 (size before relaxing)
 .debug_str     0x00002539       0x2f motor.o
                                0x2cd (size before relaxing)
 .debug_str     0x00002568       0xe8 tempAndHum.o
                                0x398 (size before relaxing)
 .debug_str     0x00002650      0x114 light.o
                                0x3de (size before relaxing)
 .debug_str     0x00002764      0x3d2 LoRaWANHandler.o
                                0x6cc (size before relaxing)
 .debug_str     0x00002b36       0xfe main.o
                                0x4ff (size before relaxing)
 .debug_str     0x00002c34      0x2d7 ../drivers\libIotLibrary.a(hih8120.o)
                                0x45c (size before relaxing)
 .debug_str     0x00002f0b      0x68f ../drivers\libIotLibrary.a(lora_driver.o)
                                0xcdb (size before relaxing)
 .debug_str     0x0000359a       0x4f ../drivers\libIotLibrary.a(lora_driver_utils.o)
                                0x206 (size before relaxing)
 .debug_str     0x000035e9      0x12b ../drivers\libIotLibrary.a(mh_z19.o)
                                0x489 (size before relaxing)
 .debug_str     0x00003714       0x3c ../drivers\libIotLibrary.a(rc_servo.o)
                                0x1e2 (size before relaxing)
 .debug_str     0x00003750      0x2e0 ../drivers\libIotLibrary.a(serial.o)
                                0x628 (size before relaxing)
 .debug_str     0x00003a30       0xa6 ../drivers\libIotLibrary.a(stdio_driver.o)
                                0x37d (size before relaxing)
 .debug_str     0x00003ad6      0x16a ../drivers\libIotLibrary.a(status_leds.o)
                                0x36d (size before relaxing)
 .debug_str     0x00003c40      0x6b3 ../drivers\libIotLibrary.a(tsl2591.o)
                                0xaaf (size before relaxing)
 .debug_str     0x000042f3      0x2e5 ../drivers\libIotLibrary.a(twi.o)
                                0x5b4 (size before relaxing)
 .debug_str     0x000045d8       0x22 ../drivers\libIotLibrary.a(fifo.o)
                                0x239 (size before relaxing)

.debug_loc      0x00000000     0xbd94
 *(.debug_loc)
 .debug_loc     0x00000000      0x105 co2.o
 .debug_loc     0x00000105      0x4be FreeRTOS/src/heap_4.o
 .debug_loc     0x000005c3      0x17d FreeRTOS/src/list.o
 .debug_loc     0x00000740       0xf6 FreeRTOS/src/port.o
 .debug_loc     0x00000836     0x1abd FreeRTOS/src/queue.o
 .debug_loc     0x000022f3     0x1daf FreeRTOS/src/stream_buffer.o
 .debug_loc     0x000040a2     0x2a07 FreeRTOS/src/tasks.o
 .debug_loc     0x00006aa9     0x10f3 FreeRTOS/src/timers.o
 .debug_loc     0x00007b9c       0xdc FreeRTOS/src/variantHooks.o
 .debug_loc     0x00007c78       0xbf tempAndHum.o
 .debug_loc     0x00007d37      0x11f light.o
 .debug_loc     0x00007e56       0xd7 LoRaWANHandler.o
 .debug_loc     0x00007f2d      0x179 main.o
 .debug_loc     0x000080a6       0x9f ../drivers\libIotLibrary.a(hih8120.o)
 .debug_loc     0x00008145     0x1216 ../drivers\libIotLibrary.a(lora_driver.o)
 .debug_loc     0x0000935b      0x1d2 ../drivers\libIotLibrary.a(lora_driver_utils.o)
 .debug_loc     0x0000952d      0x37c ../drivers\libIotLibrary.a(mh_z19.o)
 .debug_loc     0x000098a9       0x2f ../drivers\libIotLibrary.a(rc_servo.o)
 .debug_loc     0x000098d8     0x114c ../drivers\libIotLibrary.a(serial.o)
 .debug_loc     0x0000aa24      0x18c ../drivers\libIotLibrary.a(stdio_driver.o)
 .debug_loc     0x0000abb0      0x292 ../drivers\libIotLibrary.a(status_leds.o)
 .debug_loc     0x0000ae42      0x87f ../drivers\libIotLibrary.a(tsl2591.o)
 .debug_loc     0x0000b6c1      0x575 ../drivers\libIotLibrary.a(twi.o)
 .debug_loc     0x0000bc36      0x15e ../drivers\libIotLibrary.a(fifo.o)

.debug_macinfo
 *(.debug_macinfo)

.debug_weaknames
 *(.debug_weaknames)

.debug_funcnames
 *(.debug_funcnames)

.debug_typenames
 *(.debug_typenames)

.debug_varnames
 *(.debug_varnames)

.debug_pubtypes
 *(.debug_pubtypes)

.debug_ranges   0x00000000      0xa18
 *(.debug_ranges)
 .debug_ranges  0x00000000       0x18 co2.o
 .debug_ranges  0x00000018       0x48 FreeRTOS/src/heap_4.o
 .debug_ranges  0x00000060       0x30 FreeRTOS/src/list.o
 .debug_ranges  0x00000090       0x48 FreeRTOS/src/port.o
 .debug_ranges  0x000000d8      0x130 FreeRTOS/src/queue.o
 .debug_ranges  0x00000208       0xb0 FreeRTOS/src/stream_buffer.o
 .debug_ranges  0x000002b8      0x200 FreeRTOS/src/tasks.o
 .debug_ranges  0x000004b8       0xb8 FreeRTOS/src/timers.o
 .debug_ranges  0x00000570       0x30 FreeRTOS/src/variantHooks.o
 .debug_ranges  0x000005a0       0x10 motor.o
 .debug_ranges  0x000005b0       0x10 tempAndHum.o
 .debug_ranges  0x000005c0       0x18 light.o
 .debug_ranges  0x000005d8       0x18 LoRaWANHandler.o
 .debug_ranges  0x000005f0       0x18 main.o
 .debug_ranges  0x00000608       0x58 ../drivers\libIotLibrary.a(hih8120.o)
 .debug_ranges  0x00000660      0x128 ../drivers\libIotLibrary.a(lora_driver.o)
 .debug_ranges  0x00000788       0x30 ../drivers\libIotLibrary.a(lora_driver_utils.o)
 .debug_ranges  0x000007b8       0x48 ../drivers\libIotLibrary.a(mh_z19.o)
 .debug_ranges  0x00000800       0x18 ../drivers\libIotLibrary.a(rc_servo.o)
 .debug_ranges  0x00000818       0x98 ../drivers\libIotLibrary.a(serial.o)
 .debug_ranges  0x000008b0       0x28 ../drivers\libIotLibrary.a(stdio_driver.o)
 .debug_ranges  0x000008d8       0x58 ../drivers\libIotLibrary.a(status_leds.o)
 .debug_ranges  0x00000930       0x98 ../drivers\libIotLibrary.a(tsl2591.o)
 .debug_ranges  0x000009c8       0x40 ../drivers\libIotLibrary.a(twi.o)
 .debug_ranges  0x00000a08       0x10 ../drivers\libIotLibrary.a(fifo.o)

.debug_macro
 *(.debug_macro)
OUTPUT(4.Semester.elf elf32-avr)
LOAD linker stubs
